Flow report for FDD_Lab2
Thu Mar 26 17:20:36 2026
Quartus II 64-Bit Version 13.1.0 Build 162 10/23/2013 SJ Web Edition


---------------------
; Table of Contents ;
---------------------
  1. Legal Notice
  2. Flow Summary
  3. Flow Settings
  4. Flow Non-Default Global Settings
  5. Flow Elapsed Time
  6. Flow OS Summary
  7. Flow Log
  8. Flow Messages
  9. Flow Suppressed Messages



----------------
; Legal Notice ;
----------------
Copyright (C) 1991-2013 Altera Corporation
Your use of Altera Corporation's design tools, logic functions 
and other software and tools, and its AMPP partner logic 
functions, and any output files from any of the foregoing 
(including device programming or simulation files), and any 
associated documentation or information are expressly subject 
to the terms and conditions of the Altera Program License 
Subscription Agreement, Altera MegaCore Function License 
Agreement, or other applicable license agreement, including, 
without limitation, that your use is for the sole purpose of 
programming logic devices manufactured by Altera and sold by 
Altera or its authorized distributors.  Please refer to the 
applicable agreement for further details.



+---------------------------------------------------------------------------------+
; Flow Summary                                                                    ;
+------------------------------------+--------------------------------------------+
; Flow Status                        ; Successful - Thu Mar 26 17:20:36 2026      ;
; Quartus II 64-Bit Version          ; 13.1.0 Build 162 10/23/2013 SJ Web Edition ;
; Revision Name                      ; FDD_Lab2                                   ;
; Top-level Entity Name              ; Lab1_2A                                    ;
; Family                             ; Cyclone III                                ;
; Device                             ; EP3C16F484C6                               ;
; Timing Models                      ; Final                                      ;
; Total logic elements               ; 6 / 15,408 ( < 1 % )                       ;
;     Total combinational functions  ; 6 / 15,408 ( < 1 % )                       ;
;     Dedicated logic registers      ; 0 / 15,408 ( 0 % )                         ;
; Total registers                    ; 0                                          ;
; Total pins                         ; 10 / 347 ( 3 % )                           ;
; Total virtual pins                 ; 0                                          ;
; Total memory bits                  ; 0 / 516,096 ( 0 % )                        ;
; Embedded Multiplier 9-bit elements ; 0 / 112 ( 0 % )                            ;
; Total PLLs                         ; 0 / 4 ( 0 % )                              ;
+------------------------------------+--------------------------------------------+


+-----------------------------------------+
; Flow Settings                           ;
+-------------------+---------------------+
; Option            ; Setting             ;
+-------------------+---------------------+
; Start date & time ; 03/26/2026 17:18:08 ;
; Main task         ; Compilation         ;
; Revision Name     ; FDD_Lab2            ;
+-------------------+---------------------+


+-------------------------------------------------------------------------------------------------------------------------------------------------------------------------+
; Flow Non-Default Global Settings                                                                                                                                        ;
+-------------------------------------+------------------------------------------------------------------------------------+---------------+-------------+----------------+
; Assignment Name                     ; Value                                                                              ; Default Value ; Entity Name ; Section Id     ;
+-------------------------------------+------------------------------------------------------------------------------------+---------------+-------------+----------------+
; COMPILER_SIGNATURE_ID               ; 48759582207553.177451668819116                                                     ; --            ; --          ; --             ;
; EDA_GENERATE_FUNCTIONAL_NETLIST     ; On                                                                                 ; --            ; --          ; eda_simulation ;
; EDA_NETLIST_WRITER_OUTPUT_DIR       ; C:/Users/21494561/Downloads/Lab1/Lab1/CMPE2001_Lab1_Rubr/FDD_Lab2/simulation/qsim/ ; --            ; --          ; eda_simulation ;
; EDA_OUTPUT_DATA_FORMAT              ; Verilog Hdl                                                                        ; --            ; --          ; eda_simulation ;
; EDA_SIMULATION_TOOL                 ; ModelSim-Altera (Verilog)                                                          ; <None>        ; --          ; --             ;
; MAX_CORE_JUNCTION_TEMP              ; 85                                                                                 ; --            ; --          ; --             ;
; MIN_CORE_JUNCTION_TEMP              ; 0                                                                                  ; --            ; --          ; --             ;
; PARTITION_COLOR                     ; 16764057                                                                           ; --            ; Lab1_2A     ; Top            ;
; PARTITION_FITTER_PRESERVATION_LEVEL ; PLACEMENT_AND_ROUTING                                                              ; --            ; Lab1_2A     ; Top            ;
; PARTITION_NETLIST_TYPE              ; SOURCE                                                                             ; --            ; Lab1_2A     ; Top            ;
; TOP_LEVEL_ENTITY                    ; Lab1_2A                                                                            ; FDD_Lab2      ; --          ; --             ;
+-------------------------------------+------------------------------------------------------------------------------------+---------------+-------------+----------------+


+-------------------------------------------------------------------------------------------------------------------------------+
; Flow Elapsed Time                                                                                                             ;
+---------------------------+--------------+-------------------------+---------------------+------------------------------------+
; Module Name               ; Elapsed Time ; Average Processors Used ; Peak Virtual Memory ; Total CPU Time (on all processors) ;
+---------------------------+--------------+-------------------------+---------------------+------------------------------------+
; Analysis & Synthesis      ; 00:00:02     ; 1.0                     ; 4628 MB             ; 00:00:01                           ;
; Fitter                    ; 00:00:05     ; 1.0                     ; 4956 MB             ; 00:00:03                           ;
; Assembler                 ; 00:00:01     ; 1.0                     ; 4596 MB             ; 00:00:01                           ;
; TimeQuest Timing Analyzer ; 00:00:01     ; 1.0                     ; 4622 MB             ; 00:00:01                           ;
; EDA Netlist Writer        ; 00:00:00     ; 1.0                     ; 4544 MB             ; 00:00:00                           ;
; EDA Netlist Writer        ; 00:00:00     ; 1.0                     ; 4555 MB             ; 00:00:00                           ;
; EDA Netlist Writer        ; 00:00:01     ; 1.0                     ; 4555 MB             ; 00:00:00                           ;
; Total                     ; 00:00:10     ; --                      ; --                  ; 00:00:06                           ;
+---------------------------+--------------+-------------------------+---------------------+------------------------------------+


+----------------------------------------------------------------------------------------+
; Flow OS Summary                                                                        ;
+---------------------------+------------------+-----------+------------+----------------+
; Module Name               ; Machine Hostname ; OS Name   ; OS Version ; Processor type ;
+---------------------------+------------------+-----------+------------+----------------+
; Analysis & Synthesis      ; C-204-237-24     ; Windows 7 ; 6.2        ; x86_64         ;
; Fitter                    ; C-204-237-24     ; Windows 7 ; 6.2        ; x86_64         ;
; Assembler                 ; C-204-237-24     ; Windows 7 ; 6.2        ; x86_64         ;
; TimeQuest Timing Analyzer ; C-204-237-24     ; Windows 7 ; 6.2        ; x86_64         ;
; EDA Netlist Writer        ; C-204-237-24     ; Windows 7 ; 6.2        ; x86_64         ;
; EDA Netlist Writer        ; C-204-237-24     ; Windows 7 ; 6.2        ; x86_64         ;
; EDA Netlist Writer        ; C-204-237-24     ; Windows 7 ; 6.2        ; x86_64         ;
+---------------------------+------------------+-----------+------------+----------------+


------------
; Flow Log ;
------------
quartus_map --read_settings_files=on --write_settings_files=off FDD_Lab2 -c FDD_Lab2
quartus_fit --read_settings_files=off --write_settings_files=off FDD_Lab2 -c FDD_Lab2
quartus_asm --read_settings_files=off --write_settings_files=off FDD_Lab2 -c FDD_Lab2
quartus_sta FDD_Lab2 -c FDD_Lab2
quartus_eda --read_settings_files=off --write_settings_files=off FDD_Lab2 -c FDD_Lab2
quartus_eda --gen_testbench --check_outputs=on --tool=modelsim_oem --format=verilog FDD_Lab2 -c FDD_Lab2 --vector_source=C:/Users/21494561/Downloads/Lab1/Lab1/CMPE2001_Lab1_Rubr/FDD_Lab2/Waveform_Lab1.vwf --testbench_file=C:/Users/21494561/Downloads/Lab1/Lab1/CMPE2001_Lab1_Rubr/FDD_Lab2/simulation/qsim/Waveform_Lab1.vwf.vt
quartus_eda --functional=on --flatten_buses=off --simulation=on --tool=modelsim_oem --format=verilog --output_directory=C:/Users/21494561/Downloads/Lab1/Lab1/CMPE2001_Lab1_Rubr/FDD_Lab2/simulation/qsim/ FDD_Lab2 -c FDD_Lab2



