------------------------------------------------------------
TimeQuest Timing Analyzer Summary
------------------------------------------------------------

Type  : Slow 1200mV 85C Model Setup 'Clk'
Slack : -1.890
TNS   : -26.686

Type  : Slow 1200mV 85C Model Setup 'clk_div:inst4|cntDiv[25]'
Slack : -0.139
TNS   : -0.392

Type  : Slow 1200mV 85C Model Hold 'Clk'
Slack : -0.114
TNS   : -0.114

Type  : Slow 1200mV 85C Model Hold 'clk_div:inst4|cntDiv[25]'
Slack : 0.359
TNS   : 0.000

Type  : Slow 1200mV 85C Model Minimum Pulse Width 'Clk'
Slack : -3.000
TNS   : -29.000

Type  : Slow 1200mV 85C Model Minimum Pulse Width 'clk_div:inst4|cntDiv[25]'
Slack : -1.000
TNS   : -8.000

Type  : Slow 1200mV 0C Model Setup 'Clk'
Slack : -1.538
TNS   : -20.723

Type  : Slow 1200mV 0C Model Setup 'clk_div:inst4|cntDiv[25]'
Slack : -0.011
TNS   : -0.011

Type  : Slow 1200mV 0C Model Hold 'Clk'
Slack : -0.101
TNS   : -0.101

Type  : Slow 1200mV 0C Model Hold 'clk_div:inst4|cntDiv[25]'
Slack : 0.313
TNS   : 0.000

Type  : Slow 1200mV 0C Model Minimum Pulse Width 'Clk'
Slack : -3.000
TNS   : -29.000

Type  : Slow 1200mV 0C Model Minimum Pulse Width 'clk_div:inst4|cntDiv[25]'
Slack : -1.000
TNS   : -8.000

Type  : Fast 1200mV 0C Model Setup 'Clk'
Slack : -0.650
TNS   : -4.790

Type  : Fast 1200mV 0C Model Setup 'clk_div:inst4|cntDiv[25]'
Slack : 0.352
TNS   : 0.000

Type  : Fast 1200mV 0C Model Hold 'Clk'
Slack : -0.109
TNS   : -0.109

Type  : Fast 1200mV 0C Model Hold 'clk_div:inst4|cntDiv[25]'
Slack : 0.188
TNS   : 0.000

Type  : Fast 1200mV 0C Model Minimum Pulse Width 'Clk'
Slack : -3.000
TNS   : -30.717

Type  : Fast 1200mV 0C Model Minimum Pulse Width 'clk_div:inst4|cntDiv[25]'
Slack : -1.000
TNS   : -8.000

------------------------------------------------------------
