------------------------------------------------------------
TimeQuest Timing Analyzer Summary
------------------------------------------------------------

Type  : Slow 1200mV 85C Model Setup 'CLOCK:inst|s_count[0]'
Slack : -9.715
TNS   : -28.745

Type  : Slow 1200mV 85C Model Setup 'CLOCK:inst|clk'
Slack : -0.804
TNS   : -2.898

Type  : Slow 1200mV 85C Model Setup 'clk50MHZ'
Slack : -0.088
TNS   : -0.088

Type  : Slow 1200mV 85C Model Hold 'clk50MHZ'
Slack : 0.063
TNS   : 0.000

Type  : Slow 1200mV 85C Model Hold 'CLOCK:inst|clk'
Slack : 0.073
TNS   : 0.000

Type  : Slow 1200mV 85C Model Hold 'CLOCK:inst|s_count[0]'
Slack : 1.082
TNS   : 0.000

Type  : Slow 1200mV 85C Model Minimum Pulse Width 'clk50MHZ'
Slack : -3.000
TNS   : -4.000

Type  : Slow 1200mV 85C Model Minimum Pulse Width 'CLOCK:inst|clk'
Slack : -1.000
TNS   : -4.000

Type  : Slow 1200mV 85C Model Minimum Pulse Width 'CLOCK:inst|s_count[0]'
Slack : -1.000
TNS   : -3.000

Type  : Slow 1200mV 0C Model Setup 'CLOCK:inst|s_count[0]'
Slack : -8.652
TNS   : -25.596

Type  : Slow 1200mV 0C Model Setup 'CLOCK:inst|clk'
Slack : -0.623
TNS   : -2.208

Type  : Slow 1200mV 0C Model Setup 'clk50MHZ'
Slack : 0.010
TNS   : 0.000

Type  : Slow 1200mV 0C Model Hold 'clk50MHZ'
Slack : 0.001
TNS   : 0.000

Type  : Slow 1200mV 0C Model Hold 'CLOCK:inst|clk'
Slack : 0.049
TNS   : 0.000

Type  : Slow 1200mV 0C Model Hold 'CLOCK:inst|s_count[0]'
Slack : 0.980
TNS   : 0.000

Type  : Slow 1200mV 0C Model Minimum Pulse Width 'clk50MHZ'
Slack : -3.000
TNS   : -4.000

Type  : Slow 1200mV 0C Model Minimum Pulse Width 'CLOCK:inst|clk'
Slack : -1.000
TNS   : -4.000

Type  : Slow 1200mV 0C Model Minimum Pulse Width 'CLOCK:inst|s_count[0]'
Slack : -1.000
TNS   : -3.000

Type  : Fast 1200mV 0C Model Setup 'CLOCK:inst|s_count[0]'
Slack : -4.967
TNS   : -14.661

Type  : Fast 1200mV 0C Model Setup 'CLOCK:inst|clk'
Slack : 0.014
TNS   : 0.000

Type  : Fast 1200mV 0C Model Setup 'clk50MHZ'
Slack : 0.153
TNS   : 0.000

Type  : Fast 1200mV 0C Model Hold 'clk50MHZ'
Slack : 0.034
TNS   : 0.000

Type  : Fast 1200mV 0C Model Hold 'CLOCK:inst|clk'
Slack : 0.044
TNS   : 0.000

Type  : Fast 1200mV 0C Model Hold 'CLOCK:inst|s_count[0]'
Slack : 0.590
TNS   : 0.000

Type  : Fast 1200mV 0C Model Minimum Pulse Width 'clk50MHZ'
Slack : -3.000
TNS   : -4.073

Type  : Fast 1200mV 0C Model Minimum Pulse Width 'CLOCK:inst|clk'
Slack : -1.000
TNS   : -4.000

Type  : Fast 1200mV 0C Model Minimum Pulse Width 'CLOCK:inst|s_count[0]'
Slack : -1.000
TNS   : -3.000

------------------------------------------------------------
